// Jest Snapshot v1, https://goo.gl/fbAQLP

exports[`Map renders correctly 1`] = `
<DocumentFragment>
  <div
    class="makeStyles-root-1"
  >
    <div />
  </div>
</DocumentFragment>
`;
