// Jest Snapshot v1, https://goo.gl/fbAQLP

exports[`ServiceList renders correctly 1`] = `
<DocumentFragment>
  <div
    class="MuiPaper-root makeStyles-rootPanel-1 MuiPaper-elevation1 MuiPaper-rounded"
  >
    <div
      class="MuiPaper-root makeStyles-searchBar-4 MuiPaper-elevation1 MuiPaper-rounded"
    >
      <button
        aria-label="menu"
        class="MuiButtonBase-root MuiIconButton-root makeStyles-searchIcon-5"
        tabindex="0"
        type="button"
      >
        <span
          class="MuiIconButton-label"
        >
          <svg
            aria-hidden="true"
            class="MuiSvgIcon-root"
            focusable="false"
            viewBox="0 0 24 24"
          >
            <path
              d="M10 18h4v-2h-4v2zM3 6v2h18V6H3zm3 7h12v-2H6v2z"
            />
          </svg>
        </span>
        <span
          class="MuiTouchRipple-root"
        />
      </button>
      <div
        class="MuiInputBase-root makeStyles-searchInput-6"
      >
        <input
          class="MuiInputBase-input"
          name="search"
          placeholder="Search"
          type="text"
          value=""
        />
      </div>
      <button
        aria-label="search"
        class="MuiButtonBase-root MuiIconButton-root makeStyles-searchIcon-5"
        tabindex="0"
        type="submit"
      >
        <span
          class="MuiIconButton-label"
        >
          <svg
            aria-hidden="true"
            class="MuiSvgIcon-root"
            focusable="false"
            viewBox="0 0 24 24"
          >
            <path
              d="M15.5 14h-.79l-.28-.27C15.41 12.59 16 11.11 16 9.5 16 5.91 13.09 3 9.5 3S3 5.91 3 9.5 5.91 16 9.5 16c1.61 0 3.09-.59 4.23-1.57l.27.28v.79l5 4.99L20.49 19l-4.99-5zm-6 0C7.01 14 5 11.99 5 9.5S7.01 5 9.5 5 14 7.01 14 9.5 11.99 14 9.5 14z"
            />
          </svg>
        </span>
        <span
          class="MuiTouchRipple-root"
        />
      </button>
      <hr
        class="MuiDivider-root makeStyles-divider-8 MuiDivider-vertical"
      />
    </div>
    <div
      class="MuiPaper-root makeStyles-filters-3 MuiPaper-elevation1 MuiPaper-rounded"
    />
    <ul
      class="MuiList-root makeStyles-rootList-2 MuiList-padding"
    >
      <p
        class="MuiTypography-root MuiTypography-body1"
      />
    </ul>
  </div>
</DocumentFragment>
`;
