// Jest Snapshot v1, https://goo.gl/fbAQLP

exports[`Appointments renders correctly 1`] = `
<DocumentFragment>
  <div
    class="makeStyles-container-1"
  />
</DocumentFragment>
`;
